#-----------------------------------------------------------
# Vivado v2018.3 (64-bit)
# SW Build 2405991 on Thu Dec  6 23:38:27 MST 2018
# IP Build 2404404 on Fri Dec  7 01:43:56 MST 2018
# Start of session at: Fri Sep  6 11:18:46 2019
# Process ID: 95460
# Current directory: E:/e38
# Command line: vivado.exe -gui_launcher_event rodinguilauncherevent77864 E:\e38\project_1.xpr
# Log file: E:/e38/vivado.log
# Journal file: E:/e38\vivado.jou
#-----------------------------------------------------------
start_gui
open_project E:/e38/project_1.xpr
update_compile_order -fileset sources_1
open_bd_design {E:/e38/project_1.srcs/sources_1/bd/design_1/design_1.bd}
startgroup
set_property -dict [list CONFIG.CLKOUT4_REQUESTED_OUT_FREQ {100} CONFIG.MMCM_DIVCLK_DIVIDE {3} CONFIG.MMCM_CLKFBOUT_MULT_F {29.750} CONFIG.MMCM_CLKOUT0_DIVIDE_F {29.750} CONFIG.MMCM_CLKOUT1_DIVIDE {3} CONFIG.MMCM_CLKOUT2_DIVIDE {10} CONFIG.MMCM_CLKOUT3_DIVIDE {10} CONFIG.CLKOUT1_JITTER {245.244} CONFIG.CLKOUT1_PHASE_ERROR {204.284} CONFIG.CLKOUT2_JITTER {153.426} CONFIG.CLKOUT2_PHASE_ERROR {204.284} CONFIG.CLKOUT3_JITTER {189.990} CONFIG.CLKOUT3_PHASE_ERROR {204.284} CONFIG.CLKOUT4_JITTER {189.990} CONFIG.CLKOUT4_PHASE_ERROR {204.284}] [get_bd_cells clk_wiz_0]
endgroup
startgroup
endgroup
save_bd_design
reset_run synth_1
launch_runs impl_1 -to_step write_bitstream -jobs 8
wait_on_run impl_1
startgroup
set_property -dict [list CONFIG.CLKOUT4_REQUESTED_OUT_FREQ {80} CONFIG.MMCM_DIVCLK_DIVIDE {1} CONFIG.MMCM_CLKFBOUT_MULT_F {13.125} CONFIG.MMCM_CLKOUT0_DIVIDE_F {39.375} CONFIG.MMCM_CLKOUT1_DIVIDE {4} CONFIG.MMCM_CLKOUT2_DIVIDE {13} CONFIG.MMCM_CLKOUT3_DIVIDE {16} CONFIG.CLKOUT1_JITTER {134.846} CONFIG.CLKOUT1_PHASE_ERROR {82.293} CONFIG.CLKOUT2_JITTER {87.643} CONFIG.CLKOUT2_PHASE_ERROR {82.293} CONFIG.CLKOUT3_JITTER {108.377} CONFIG.CLKOUT3_PHASE_ERROR {82.293} CONFIG.CLKOUT4_JITTER {112.544} CONFIG.CLKOUT4_PHASE_ERROR {82.293}] [get_bd_cells clk_wiz_0]
endgroup
save_bd_design
reset_run synth_1
launch_runs impl_1 -to_step write_bitstream -jobs 8
wait_on_run impl_1
reset_run impl_1
reset_run synth_1
